#-----------------------------------------------------------
# Webtalk v2020.2 (64-bit)
# SW Build 3064766 on Wed Nov 18 09:12:45 MST 2020
# IP Build 3064653 on Wed Nov 18 14:17:31 MST 2020
# Start of session at: Tue Mar 30 22:59:28 2021
# Process ID: 9856
# Current directory: D:/Samo/Skola/VUT_FEKT/Druhy_Rocnik/Druhy_semester/Digitalni_Elektronika/Digital-electronics-1/Labs/07-ffs/07-ffs/07-ffs.sim/sim_1/behav/xsim
# Command line: wbtcv.exe -mode batch -source D:/Samo/Skola/VUT_FEKT/Druhy_Rocnik/Druhy_semester/Digitalni_Elektronika/Digital-electronics-1/Labs/07-ffs/07-ffs/07-ffs.sim/sim_1/behav/xsim/xsim.dir/tb_d_latch_behav/webtalk/xsim_webtalk.tcl -notrace
# Log file: D:/Samo/Skola/VUT_FEKT/Druhy_Rocnik/Druhy_semester/Digitalni_Elektronika/Digital-electronics-1/Labs/07-ffs/07-ffs/07-ffs.sim/sim_1/behav/xsim/webtalk.log
# Journal file: D:/Samo/Skola/VUT_FEKT/Druhy_Rocnik/Druhy_semester/Digitalni_Elektronika/Digital-electronics-1/Labs/07-ffs/07-ffs/07-ffs.sim/sim_1/behav/xsim\webtalk.jou
#-----------------------------------------------------------
source D:/Samo/Skola/VUT_FEKT/Druhy_Rocnik/Druhy_semester/Digitalni_Elektronika/Digital-electronics-1/Labs/07-ffs/07-ffs/07-ffs.sim/sim_1/behav/xsim/xsim.dir/tb_d_latch_behav/webtalk/xsim_webtalk.tcl -notrace
