#-----------------------------------------------------------
# Vivado v2020.2 (64-bit)
# SW Build 3064766 on Wed Nov 18 09:12:45 MST 2020
# IP Build 3064653 on Wed Nov 18 14:17:31 MST 2020
# Start of session at: Tue Mar 30 22:51:32 2021
# Process ID: 7312
# Current directory: D:/Samo/Skola/VUT_FEKT/Druhy_Rocnik/Druhy_semester/Digitalni_Elektronika/Digital-electronics-1/Labs/07-ffs/07-ffs
# Command line: vivado.exe -gui_launcher_event rodinguilauncherevent2172 D:\Samo\Skola\VUT_FEKT\Druhy_Rocnik\Druhy_semester\Digitalni_Elektronika\Digital-electronics-1\Labs\07-ffs\07-ffs\07-ffs.xpr
# Log file: D:/Samo/Skola/VUT_FEKT/Druhy_Rocnik/Druhy_semester/Digitalni_Elektronika/Digital-electronics-1/Labs/07-ffs/07-ffs/vivado.log
# Journal file: D:/Samo/Skola/VUT_FEKT/Druhy_Rocnik/Druhy_semester/Digitalni_Elektronika/Digital-electronics-1/Labs/07-ffs/07-ffs\vivado.jou
#-----------------------------------------------------------
start_gui
open_project D:/Samo/Skola/VUT_FEKT/Druhy_Rocnik/Druhy_semester/Digitalni_Elektronika/Digital-electronics-1/Labs/07-ffs/07-ffs/07-ffs.xpr
update_compile_order -fileset sources_1
# Disabling source management mode.  This is to allow the top design properties to be set without GUI intervention.
set_property source_mgmt_mode None [current_project]
set_property top tb_d_latch [get_filesets sim_1]
set_property top_lib xil_defaultlib [get_filesets sim_1]
# Re-enabling previously disabled source management mode.
set_property source_mgmt_mode All [current_project]
update_compile_order -fileset sim_1
launch_simulation
source tb_d_latch.tcl
close_sim
launch_simulation
source tb_d_latch.tcl
close_sim
launch_simulation
source tb_d_latch.tcl
save_wave_config {D:/Samo/Skola/VUT_FEKT/Druhy_Rocnik/Druhy_semester/Digitalni_Elektronika/Digital-electronics-1/Labs/07-ffs/07-ffs/tb_d_latch_behav.wcfg}
add_files -fileset sim_1 -norecurse D:/Samo/Skola/VUT_FEKT/Druhy_Rocnik/Druhy_semester/Digitalni_Elektronika/Digital-electronics-1/Labs/07-ffs/07-ffs/tb_d_latch_behav.wcfg
set_property xsim.view D:/Samo/Skola/VUT_FEKT/Druhy_Rocnik/Druhy_semester/Digitalni_Elektronika/Digital-electronics-1/Labs/07-ffs/07-ffs/tb_d_latch_behav.wcfg [get_filesets sim_1]
close_sim
launch_simulation
open_wave_config D:/Samo/Skola/VUT_FEKT/Druhy_Rocnik/Druhy_semester/Digitalni_Elektronika/Digital-electronics-1/Labs/07-ffs/07-ffs/tb_d_latch_behav.wcfg
source tb_d_latch.tcl
close_sim
launch_simulation
open_wave_config D:/Samo/Skola/VUT_FEKT/Druhy_Rocnik/Druhy_semester/Digitalni_Elektronika/Digital-electronics-1/Labs/07-ffs/07-ffs/tb_d_latch_behav.wcfg
source tb_d_latch.tcl
close_sim
launch_simulation
open_wave_config D:/Samo/Skola/VUT_FEKT/Druhy_Rocnik/Druhy_semester/Digitalni_Elektronika/Digital-electronics-1/Labs/07-ffs/07-ffs/tb_d_latch_behav.wcfg
source tb_d_latch.tcl
close_sim
# Disabling source management mode.  This is to allow the top design properties to be set without GUI intervention.
set_property source_mgmt_mode None [current_project]
set_property top tb_d_ff_arst [get_filesets sim_1]
set_property top_lib xil_defaultlib [get_filesets sim_1]
# Re-enabling previously disabled source management mode.
set_property source_mgmt_mode All [current_project]
update_compile_order -fileset sim_1
launch_simulation
open_wave_config D:/Samo/Skola/VUT_FEKT/Druhy_Rocnik/Druhy_semester/Digitalni_Elektronika/Digital-electronics-1/Labs/07-ffs/07-ffs/tb_d_latch_behav.wcfg
source tb_d_ff_arst.tcl
close_sim
launch_simulation
open_wave_config D:/Samo/Skola/VUT_FEKT/Druhy_Rocnik/Druhy_semester/Digitalni_Elektronika/Digital-electronics-1/Labs/07-ffs/07-ffs/tb_d_latch_behav.wcfg
source tb_d_ff_arst.tcl
close_sim
# Disabling source management mode.  This is to allow the top design properties to be set without GUI intervention.
set_property source_mgmt_mode None [current_project]
set_property top d_ff_arst [current_fileset]
# Re-enabling previously disabled source management mode.
set_property source_mgmt_mode All [current_project]
update_compile_order -fileset sources_1
launch_simulation
open_wave_config D:/Samo/Skola/VUT_FEKT/Druhy_Rocnik/Druhy_semester/Digitalni_Elektronika/Digital-electronics-1/Labs/07-ffs/07-ffs/tb_d_latch_behav.wcfg
source tb_d_ff_arst.tcl
close_sim
launch_simulation
open_wave_config D:/Samo/Skola/VUT_FEKT/Druhy_Rocnik/Druhy_semester/Digitalni_Elektronika/Digital-electronics-1/Labs/07-ffs/07-ffs/tb_d_latch_behav.wcfg
source tb_d_ff_arst.tcl
close_sim
